// Vitest Snapshot v1

exports[`Stubsy Utility functions > generateUiConfigResponse > should return a correctly structured response for the UI 1`] = `
[
  {
    "endpointId": "movies",
    "overrides": [
      {
        "isActive": true,
        "overrideId": "movies-404",
      },
      {
        "isActive": false,
        "overrideId": "movies-500",
      },
    ],
    "path": "/movies",
    "type": "get",
  },
  {
    "endpointId": "books",
    "overrides": [],
    "path": "/books",
    "type": "post",
  },
  {
    "endpointId": "shows",
    "overrides": [
      {
        "isActive": false,
        "overrideId": "shows-200",
      },
    ],
    "path": "/shows",
    "type": "delete",
  },
]
`;
